Last login: Mon Nov 10 18:24:01 on ttys000
vanapallivinay@Vanapallis-MacBook-Air ~ % git clone https://github.com/bassima0022u/ASDT-2.git
cd ASDT-2

Cloning into 'ASDT-2'...
remote: Enumerating objects: 3, done.
remote: Counting objects: 100% (3/3), done.
remote: Total 3 (delta 0), reused 0 (delta 0), pack-reused 0 (from 0)
Receiving objects: 100% (3/3), done.
vanapallivinay@Vanapallis-MacBook-Air ASDT-2 % git checkout -b feature/hello_world

Switched to a new branch 'feature/hello_world'
vanapallivinay@Vanapallis-MacBook-Air ASDT-2 % # hello.py
print("Hello world")

zsh: command not found: #
zsh: unknown file attribute: H
vanapallivinay@Vanapallis-MacBook-Air ASDT-2 % nano hello.py

vanapallivinay@Vanapallis-MacBook-Air ASDT-2 % python3 hello.py

Hello world
vanapallivinay@Vanapallis-MacBook-Air ASDT-2 % git add hello.py
git commit -m "Add hello world program"
git push -u origin feature/hello_world

[feature/hello_world a89bd66] Add hello world program
 1 file changed, 2 insertions(+)
 create mode 100644 hello.py
remote: Permission to bassima0022u/ASDT-2.git denied to kishore-rgb.
fatal: unable to access 'https://github.com/bassima0022u/ASDT-2.git/': The requested URL returned error: 403
vanapallivinay@Vanapallis-MacBook-Air ASDT-2 % git add hello.py
git commit -m "Add hello world program"
git push -u origin feature/hello_world

On branch feature/hello_world
nothing to commit, working tree clean
remote: Permission to bassima0022u/ASDT-2.git denied to kishore-rgb.
fatal: unable to access 'https://github.com/bassima0022u/ASDT-2.git/': The requested URL returned error: 403
vanapallivinay@Vanapallis-MacBook-Air ASDT-2 % git add hello.py
git commit -m "Add hello world program"
git push -u origin feature/hello_world

On branch feature/hello_world
nothing to commit, working tree clean
Enumerating objects: 4, done.
Counting objects: 100% (4/4), done.
Delta compression using up to 8 threads
Compressing objects: 100% (2/2), done.
Writing objects: 100% (3/3), 315 bytes | 315.00 KiB/s, done.
Total 3 (delta 0), reused 0 (delta 0), pack-reused 0
remote: 
remote: Create a pull request for 'feature/hello_world' on GitHub by visiting:
remote:      https://github.com/bassima0022u/ASDT-2/pull/new/feature/hello_worl
remote: 
To https://github.com/bassima0022u/ASDT-2.git
 * [new branch]      feature/hello_world -> feature/hello_world
branch 'feature/hello_world' set up to track 'origin/feature/hello_world'.
vanapallivinay@Vanapallis-MacBook-Air ASDT-2 % git checkout main
git pull
git checkout -b feature/hello_world_asdt

Switched to branch 'main'
Your branch is up to date with 'origin/main'.
Already up to date.
Switched to a new branch 'feature/hello_world_asdt'
vanapallivinay@Vanapallis-MacBook-Air ASDT-2 % print("Hello ASDT world")

zsh: unknown file attribute: H
vanapallivinay@Vanapallis-MacBook-Air ASDT-2 % nano hello.py

vanapallivinay@Vanapallis-MacBook-Air ASDT-2 % python3 hello.py

/opt/homebrew/Cellar/python@3.13/3.13.0_1/Frameworks/Python.framework/Versions/3.13/Resources/Python.app/Contents/MacOS/Python: can't open file '/Users/vanapallivinay/ASDT-2/hello.py': [Errno 2] No such file or directory
vanapallivinay@Vanapallis-MacBook-Air ASDT-2 % cd ~/ASDT-2
pwd

/Users/vanapallivinay/ASDT-2
vanapallivinay@Vanapallis-MacBook-Air ASDT-2 % nano hello.py

vanapallivinay@Vanapallis-MacBook-Air ASDT-2 % python3 hello.py

/opt/homebrew/Cellar/python@3.13/3.13.0_1/Frameworks/Python.framework/Versions/3.13/Resources/Python.app/Contents/MacOS/Python: can't open file '/Users/vanapallivinay/ASDT-2/hello.py': [Errno 2] No such file or directory
vanapallivinay@Vanapallis-MacBook-Air ASDT-2 % pwd
ls

/Users/vanapallivinay/ASDT-2
README.md			hello.pyes
Terminal Saved Output.txt
vanapallivinay@Vanapallis-MacBook-Air ASDT-2 % mv hello.pyes hello.py

vanapallivinay@Vanapallis-MacBook-Air ASDT-2 % ls

README.md			hello.py
Terminal Saved Output.txt
vanapallivinay@Vanapallis-MacBook-Air ASDT-2 % python3 hello.py

Hello ASDT world
vanapallivinay@Vanapallis-MacBook-Air ASDT-2 % git add hello.py
git commit -m "Change output to 'Hello ASDT world'"
git push origin feature/hello_world_asdt

[feature/hello_world_asdt a360613] Change output to 'Hello ASDT world'
 1 file changed, 2 insertions(+)
 create mode 100644 hello.py
Enumerating objects: 4, done.
Counting objects: 100% (4/4), done.
Delta compression using up to 8 threads
Compressing objects: 100% (2/2), done.
Writing objects: 100% (3/3), 334 bytes | 334.00 KiB/s, done.
Total 3 (delta 0), reused 0 (delta 0), pack-reused 0
remote: 
remote: Create a pull request for 'feature/hello_world_asdt' on GitHub by visiting:
remote:      https://github.com/bassima0022u/ASDT-2/pull/new/feature/hello_world_asd
remote: 
To https://github.com/bassima0022u/ASDT-2.git
 * [new branch]      feature/hello_world_asdt -> feature/hello_world_asdt
vanapallivinay@Vanapallis-MacBook-Air ASDT-2 % print("Hello ASDT world with stashing")

zsh: unknown file attribute: H
vanapallivinay@Vanapallis-MacBook-Air ASDT-2 % nano hello.py


  UW PICO 5.09                       File: hello.py                        Modified  

print("Hello ASDT world with stashing")
print("Hello ASDT world")


















^G Get Help   ^O WriteOut   ^R Read File  ^Y Prev Pg    ^K Cut Text   ^C Cur Pos    
^X Exit       ^J Justify    ^W Where is   ^V Next Pg    ^U UnCut Text ^T To Spell   
